// Jest Snapshot v1, https://goo.gl/fbAQLP

exports[`NavBar should have two items on the left side 1`] = `
<div>
  <div
    class="mocked-framer-motion-AnimatePresence"
    mode="wait"
  >
    <div
      animate="in"
      class="mocked-framer-motion-div"
      exit="out"
      initial="out"
      variants="[object Object]"
    >
      <span
        style="box-sizing: border-box; display: block; overflow: hidden; background: none; opacity: 1; border: 0px; margin: 0px; padding: 0px; position: relative;"
      >
        <span
          style="box-sizing: border-box; display: block; background: none; opacity: 1; border: 0px; margin: 0px; padding: 100% 0px 0px 0px;"
        />
        <img
          data-nimg="responsive"
          decoding="async"
          src="data:image/gif;base64,R0lGODlhAQABAIAAAAAAAP///yH5BAEAAAAALAAAAAABAAEAAAIBRAA7"
          style="position: absolute; top: 0px; left: 0px; bottom: 0px; right: 0px; box-sizing: border-box; padding: 0px; margin: auto; display: block; width: 0px; height: 0px; min-width: 100%; max-width: 100%; min-height: 100%; max-height: 100%;"
        />
        <noscript />
      </span>
      <div
        class="text-base text-black-400 underline cursor-pointer text-center hover:text-gray-800"
      >
        Feed
      </div>
      <div
        class="text-base text-gray-400 cursor-pointer text-center hover:text-gray-800"
      >
        Saved
      </div>
      <div
        class="inline-block w-full"
      />
      <div
        class="inline-flex grid-cols-1 gap-4"
      >
        <div
          class=" relative text-right"
        >
          <div>
            <span
              class="cursor-pointer inline-flex items-center gap-2"
            >
              <svg />
            </span>
          </div>
          <div
            class="hidden right-0
        absolute z-30 min-w-[96px] text-base list-none bg-white rounded divide-y
        divide-gray-100 shadow dark:bg-gray-700 dark:divide-gray-600"
          >
            <ul
              aria-labelledby="dropdown"
              class="py-1"
            >
              <li>
                <span
                  class="block py-2 px-4 text-sm text-gray-700 hover:bg-gray-100 dark:hover:bg-gray-600 dark:text-gray-200 dark:hover:text-white"
                >
                  Sign In
                </span>
              </li>
            </ul>
          </div>
        </div>
        <div
          class=" relative text-right"
        >
          <div>
            <span
              style="box-sizing: border-box; display: inline-block; overflow: hidden; background: none; opacity: 1; border: 0px; margin: 0px; padding: 0px; position: relative; max-width: 100%;"
            >
              <span
                style="box-sizing: border-box; display: block; background: none; opacity: 1; border: 0px; margin: 0px; padding: 0px; max-width: 100%;"
              >
                <img
                  alt=""
                  aria-hidden="true"
                  src="data:image/svg+xml,%3csvg%20xmlns=%27http://www.w3.org/2000/svg%27%20version=%271.1%27%20width=%2728%27%20height=%2728%27/%3e"
                  style="display: block; max-width: 100%; background: none; opacity: 1; border: 0px; margin: 0px; padding: 0px;"
                />
              </span>
              <img
                data-nimg="intrinsic"
                decoding="async"
                src="data:image/gif;base64,R0lGODlhAQABAIAAAAAAAP///yH5BAEAAAAALAAAAAABAAEAAAIBRAA7"
                style="position: absolute; top: 0px; left: 0px; bottom: 0px; right: 0px; box-sizing: border-box; padding: 0px; margin: auto; display: block; width: 0px; height: 0px; min-width: 100%; max-width: 100%; min-height: 100%; max-height: 100%;"
              />
              <noscript />
            </span>
          </div>
          <div
            class="hidden right-0
        absolute z-30 min-w-[96px] text-base list-none bg-white rounded divide-y
        divide-gray-100 shadow dark:bg-gray-700 dark:divide-gray-600"
          >
            <ul
              aria-labelledby="dropdown"
              class="py-1"
            >
              <li>
                <span
                  class="block py-2 px-4 text-sm text-gray-700 hover:bg-gray-100 dark:hover:bg-gray-600 dark:text-gray-200 dark:hover:text-white"
                >
                  About us
                </span>
              </li>
            </ul>
          </div>
        </div>
      </div>
    </div>
  </div>
</div>
`;
